
> build
> php artisan wayfinder:generate --no-interaction && vite build


[32m [Wayfinder] Generated actions in /Users/yasielllerandi/Herd/aesthetic-ai/resources/js/actions[39m

[32m [Wayfinder] Generated routes in /Users/yasielllerandi/Herd/aesthetic-ai/resources/js/routes[39m

vite v8.0.8 building client environment for production...
[plugin @laravel/vite-plugin-wayfinder] Types generated for actions, routes
[2Ktransforming...✓ 4230 modules transformed.
rendering chunks...
computing gzip size...
public/build/manifest.json                                     85.47 kB │ gzip:   9.49 kB
public/build/assets/app-B_K33NPS.css                          169.50 kB │ gzip:  24.74 kB
public/build/assets/client-mF_baU1G.js                          0.06 kB │ gzip:   0.07 kB
public/build/assets/ProgressBar-YidAYTJp.js                     0.06 kB │ gzip:   0.08 kB
public/build/assets/WebcamCapture-BbQRBVmy.js                   0.07 kB │ gzip:   0.07 kB
public/build/assets/array-DstOKG9P.js                           0.10 kB │ gzip:   0.11 kB
public/build/assets/channel-7lA63tgX.js                         0.11 kB │ gzip:   0.12 kB
public/build/assets/pie-LRSECV5Y-BoAKSKj4.js                    0.11 kB │ gzip:   0.11 kB
public/build/assets/info-J43DQDTF-OxoFG4FL.js                   0.11 kB │ gzip:   0.12 kB
public/build/assets/radar-GUYGQ44K-DKD3wqOs.js                  0.11 kB │ gzip:   0.12 kB
public/build/assets/packet-YPE3B663-DyIq3xTw.js                 0.12 kB │ gzip:   0.12 kB
public/build/assets/treemap-LRROVOQU-DoXVkHMK.js                0.12 kB │ gzip:   0.12 kB
public/build/assets/wardley-L42UT6IY-BXd6bSw_.js                0.12 kB │ gzip:   0.12 kB
public/build/assets/gitGraph-WXDBUCRP-CefaJyfD.js               0.12 kB │ gzip:   0.12 kB
public/build/assets/treeView-BLDUP644-D34q_iSn.js               0.12 kB │ gzip:   0.12 kB
public/build/assets/check-B6FEHhDd.js                           0.12 kB │ gzip:   0.14 kB
public/build/assets/architecture-7EHR7CIX-VKhkBrCF.js           0.12 kB │ gzip:   0.12 kB
public/build/assets/chevron-down-CyrhDpSX.js                    0.12 kB │ gzip:   0.14 kB
public/build/assets/chevron-up-CuGJqfxA.js                      0.12 kB │ gzip:   0.14 kB
public/build/assets/eventmodeling-FCH6USID-QxSl79TT.js          0.12 kB │ gzip:   0.12 kB
public/build/assets/chevron-right-DOBp7pCi.js                   0.12 kB │ gzip:   0.14 kB
public/build/assets/loader-circle-Bkfo1pOi.js                   0.14 kB │ gzip:   0.15 kB
public/build/assets/init-OCFb3zgY.js                            0.14 kB │ gzip:   0.12 kB
public/build/assets/plus-ZBr4B1S6.js                            0.15 kB │ gzip:   0.15 kB
public/build/assets/x-DXuJvKDr.js                               0.15 kB │ gzip:   0.15 kB
public/build/assets/arrow-left-BuffZKt6.js                      0.16 kB │ gzip:   0.16 kB
public/build/assets/search-hQxTjGUB.js                          0.17 kB │ gzip:   0.16 kB
public/build/assets/circle-check-Cy5Wvolc.js                    0.17 kB │ gzip:   0.17 kB
public/build/assets/chunk-QZHKN3VN-C5nLxEB2.js                  0.18 kB │ gzip:   0.15 kB
public/build/assets/clock-7mg6UUTD.js                           0.18 kB │ gzip:   0.17 kB
public/build/assets/circle-check-big-DgHfTxMg.js                0.19 kB │ gzip:   0.18 kB
public/build/assets/trending-up-C5hb3KOT.js                     0.20 kB │ gzip:   0.18 kB
public/build/assets/credit-card-jqVxucMb.js                     0.20 kB │ gzip:   0.19 kB
public/build/assets/chunk-4BX2VUAB-BOcgVDnx.js                  0.21 kB │ gzip:   0.16 kB
public/build/assets/chunk-55IACEB6-DsX8-_yL.js                  0.22 kB │ gzip:   0.19 kB
public/build/assets/activity-o5HoEf8g.js                        0.23 kB │ gzip:   0.19 kB
public/build/assets/copy-jMu47UpE.js                            0.23 kB │ gzip:   0.21 kB
public/build/assets/circle-alert-D1lIOh5m.js                    0.24 kB │ gzip:   0.18 kB
public/build/assets/zap-BodQ5r9u.js                             0.26 kB │ gzip:   0.20 kB
public/build/assets/confirm-BqwE4d2m.js                         0.27 kB │ gzip:   0.20 kB
public/build/assets/book-open-9xGCZ5Zd.js                       0.27 kB │ gzip:   0.20 kB
public/build/assets/chunk-WU5MYG2G-CUIIMk_S.js                  0.27 kB │ gzip:   0.23 kB
public/build/assets/dist-D-2ZeIBh.js                            0.27 kB │ gzip:   0.20 kB
public/build/assets/users-B3aHFZLs.js                           0.30 kB │ gzip:   0.22 kB
public/build/assets/shield-check-CcFO_FP2.js                    0.31 kB │ gzip:   0.25 kB
public/build/assets/refresh-cw-CjaxhDc4.js                      0.32 kB │ gzip:   0.23 kB
public/build/assets/file-text-D1A2J0f5.js                       0.33 kB │ gzip:   0.22 kB
public/build/assets/chunk-FMBD7UC4-BqOzKaOD.js                  0.35 kB │ gzip:   0.26 kB
public/build/assets/trash-2-BDxrJ0Wm.js                         0.35 kB │ gzip:   0.24 kB
public/build/assets/building-2-CZwOMAA7.js                      0.43 kB │ gzip:   0.25 kB
public/build/assets/input-error-BtpjsweH.js                     0.44 kB │ gzip:   0.33 kB
public/build/assets/chunk-FHYWG6QK-BGhM9gDm.js                  0.45 kB │ gzip:   0.31 kB
public/build/assets/chunk-5DO6E6H7-2JzWsKS6.js                  0.45 kB │ gzip:   0.31 kB
public/build/assets/chunk-MPE355IW-CqTqgH7m.js                  0.45 kB │ gzip:   0.31 kB
public/build/assets/chunk-UIBZB4QT-CJk1RyTW.js                  0.46 kB │ gzip:   0.31 kB
public/build/assets/spinner-CFAJigjo.js                         0.47 kB │ gzip:   0.34 kB
public/build/assets/chunk-PUPMXCY4-hrh2XYGv.js                  0.50 kB │ gzip:   0.34 kB
public/build/assets/chunk-2J33WTMH-DhlRgDfu.js                  0.53 kB │ gzip:   0.38 kB
public/build/assets/dist-Dp6GvtFz.js                            0.57 kB │ gzip:   0.37 kB
public/build/assets/dist-DMLxTddq.js                            0.58 kB │ gzip:   0.40 kB
public/build/assets/chunk-MZUSXYTE-C-OQleDI.js                  0.60 kB │ gzip:   0.39 kB
public/build/assets/infoDiagram-5YYISTIA-CP9QRNLM.js            0.61 kB │ gzip:   0.41 kB
public/build/assets/jsx-runtime-B1G9cKTD.js                     0.62 kB │ gzip:   0.42 kB
public/build/assets/heading-u4tsK7NW.js                         0.63 kB │ gzip:   0.42 kB
public/build/assets/eye-BAwdM_QW.js                             0.63 kB │ gzip:   0.34 kB
public/build/assets/text-link-Bl43y-n4.js                       0.64 kB │ gzip:   0.42 kB
public/build/assets/chunk-WCWK7LTN-C_6T2CyR.js                  0.65 kB │ gzip:   0.40 kB
public/build/assets/stateDiagram-v2-BHNVJYJU-ChXy4GO_.js        0.67 kB │ gzip:   0.40 kB
public/build/assets/chunk-7ZXdHUL4.js                           0.68 kB │ gzip:   0.41 kB
public/build/assets/classDiagram-4FO5ZUOK-CxmWTjU5.js           0.74 kB │ gzip:   0.43 kB
public/build/assets/classDiagram-v2-Q7XG4LA2-DsCxnZKS.js        0.74 kB │ gzip:   0.43 kB
public/build/assets/wayfinder-C9ILyiR7.js                       0.89 kB │ gzip:   0.52 kB
public/build/assets/chunk-4EGX6M5U-Dh8nsYVc.js                  0.90 kB │ gzip:   0.48 kB
public/build/assets/verification-JUf1pUzj.js                    0.92 kB │ gzip:   0.40 kB
public/build/assets/createLucideIcon-XM9rgUAU.js                0.93 kB │ gzip:   0.56 kB
public/build/assets/label-DYzPCW5j.js                           0.93 kB │ gzip:   0.58 kB
public/build/assets/settings-mm_BwBzu.js                        0.94 kB │ gzip:   0.35 kB
public/build/assets/line-T9oBIPTs.js                            0.94 kB │ gzip:   0.47 kB
public/build/assets/chunk-L5ZTLDWV-BVmmGzRL.js                  0.95 kB │ gzip:   0.58 kB
public/build/assets/billing-DBou4pac.js                         0.95 kB │ gzip:   0.34 kB
public/build/assets/input-Dpkh0xb2.js                           1.13 kB │ gzip:   0.64 kB
public/build/assets/help-sidebar-DDXMWVrn.js                    1.14 kB │ gzip:   0.63 kB
public/build/assets/ordinal-BqFe2ePF.js                         1.17 kB │ gzip:   0.56 kB
public/build/assets/use-appearance-BQ4lx1RO.js                  1.19 kB │ gzip:   0.66 kB
public/build/assets/preload-helper-CYaGY4Wq.js                  1.19 kB │ gzip:   0.68 kB
public/build/assets/dist-CzPBkUUE.js                            1.20 kB │ gzip:   0.65 kB
public/build/assets/WebhookDeliveryController-CtNmgbxN.js       1.20 kB │ gzip:   0.60 kB
public/build/assets/team-ChPcfIZx.js                            1.30 kB │ gzip:   0.46 kB
public/build/assets/AffiliatePayoutController-DtDLilRi.js       1.31 kB │ gzip:   0.40 kB
public/build/assets/password-input-DJz1J_3W.js                  1.38 kB │ gzip:   0.81 kB
public/build/assets/verify-email-BXdd9ghK.js                    1.38 kB │ gzip:   0.75 kB
public/build/assets/blocked-DEmadldi.js                         1.39 kB │ gzip:   0.76 kB
public/build/assets/cancelled-BCE8Pfsf.js                       1.43 kB │ gzip:   0.75 kB
public/build/assets/chunk-BR22UD5L-C-b0CtLI.js                  1.46 kB │ gzip:   0.78 kB
public/build/assets/routes-CV4rP3Wv.js                          1.46 kB │ gzip:   0.38 kB
public/build/assets/confirm-password-4mRkTBoa.js                1.49 kB │ gzip:   0.73 kB
public/build/assets/billing-success-DfKkuIHx.js                 1.50 kB │ gzip:   0.77 kB
public/build/assets/badge-BN_LOz2M.js                           1.56 kB │ gzip:   0.80 kB
public/build/assets/password-BtiactMb.js                        1.64 kB │ gzip:   0.54 kB
public/build/assets/chunk-N66VUXT2-C29k8P-l.js                  1.67 kB │ gzip:   0.73 kB
public/build/assets/IntegrationController-BIYX8TrH.js           1.78 kB │ gzip:   0.55 kB
public/build/assets/card-DkRVoP-M.js                            1.79 kB │ gzip:   0.50 kB
public/build/assets/chunk-NZK2D7GU-BqGLVr2Q.js                  1.83 kB │ gzip:   0.89 kB
public/build/assets/button-BzkDgjRe.js                          1.89 kB │ gzip:   0.93 kB
public/build/assets/chunk-ND2GUHAM-9GnakmHS.js                  1.93 kB │ gzip:   0.86 kB
public/build/assets/partners-CY1aUzzO.js                        2.05 kB │ gzip:   0.54 kB
public/build/assets/forgot-password-mfUo7KTR.js                 2.06 kB │ gzip:   0.94 kB
public/build/assets/chunk-BSJP7CBP-9CouA8Mt.js                  2.09 kB │ gzip:   0.81 kB
public/build/assets/dist-S87zGOzJ.js                            2.11 kB │ gzip:   0.94 kB
public/build/assets/ProgressBar-CliTmtuP.js                     2.14 kB │ gzip:   1.00 kB
public/build/assets/dist-B4JZaE68.js                            2.16 kB │ gzip:   0.97 kB
public/build/assets/path-T5eoIRSJ.js                            2.31 kB │ gzip:   0.99 kB
public/build/assets/reset-password-DrATeruI.js                  2.31 kB │ gzip:   0.94 kB
public/build/assets/dist-CJqX8pM8.js                            2.46 kB │ gzip:   1.13 kB
public/build/assets/profile-D9pPrEy_.js                         2.62 kB │ gzip:   1.23 kB
public/build/assets/WizardShell-Dy8YuIYY.js                     2.64 kB │ gzip:   1.21 kB
public/build/assets/appearance-BY5duf3h.js                      2.73 kB │ gzip:   1.31 kB
public/build/assets/diagram-5GNKFQAL-Cf_6Ki6q.js                2.78 kB │ gzip:   1.35 kB
public/build/assets/layout-D11_EO5A.js                          2.87 kB │ gzip:   1.15 kB
public/build/assets/two-factor-challenge-CXs1XI0V.js            2.87 kB │ gzip:   1.31 kB
public/build/assets/WebcamCapture-CrRiEdJu.js                   2.89 kB │ gzip:   1.44 kB
public/build/assets/simulation-share-Dq1Y3XGN.js                2.92 kB │ gzip:   1.46 kB
public/build/assets/help-BTCxz_HM.js                            2.92 kB │ gzip:   1.38 kB
public/build/assets/chunk-LZXEDZCA-CocZsivb.js                  3.30 kB │ gzip:   1.43 kB
public/build/assets/affiliate-payouts-B0u3v6aM.js               3.44 kB │ gzip:   1.25 kB
public/build/assets/arc-D1dqsUfy.js                             3.47 kB │ gzip:   1.47 kB
public/build/assets/error-W_a8_6AI.js                           4.00 kB │ gzip:   1.82 kB
public/build/assets/ProcedureSelect-BlRO5Xbp.js                 4.17 kB │ gzip:   1.87 kB
public/build/assets/diagram-LMA3HP47-C8qygqZy.js                4.24 kB │ gzip:   1.83 kB
public/build/assets/coordinator-email-otp-WTMtIjqY.js           4.29 kB │ gzip:   1.87 kB
public/build/assets/evaluations-s9YIT7I9.js                     4.33 kB │ gzip:   0.75 kB
public/build/assets/login-BXDvEcxG.js                           4.45 kB │ gzip:   1.85 kB
public/build/assets/trust-badges-KnFPZUWJ.js                    4.51 kB │ gzip:   1.89 kB
public/build/assets/defaultLocale-CzXix2iJ.js                   4.64 kB │ gzip:   2.12 kB
public/build/assets/guide-BoT574ZZ.js                           4.65 kB │ gzip:   1.56 kB
public/build/assets/mermaid-parser.core-DR0ALHPA.js             4.71 kB │ gzip:   1.45 kB
public/build/assets/api-docs-uPfLHe_m.js                        4.92 kB │ gzip:   1.75 kB
public/build/assets/join-D_XTnOJu.js                            5.03 kB │ gzip:   2.11 kB
public/build/assets/tenants-C0rsebzX.js                         5.09 kB │ gzip:   1.80 kB
public/build/assets/pieDiagram-4H26LBE5-Bx78BANf.js             5.22 kB │ gzip:   2.27 kB
public/build/assets/quizzes-Chqi_zlP.js                         5.39 kB │ gzip:   1.91 kB
public/build/assets/success-Bq3Ba23Y.js                         5.44 kB │ gzip:   2.21 kB
public/build/assets/linear-DKppm3Cg.js                          5.52 kB │ gzip:   2.25 kB
public/build/assets/profile-CPCAAK74.js                         5.72 kB │ gzip:   2.08 kB
public/build/assets/diagram-2AECGRRQ-BD2LlowD.js                5.77 kB │ gzip:   2.39 kB
public/build/assets/dist-Btjg_Ju3.js                            6.34 kB │ gzip:   2.44 kB
public/build/assets/merge-BoaQsEiQ.js                           6.47 kB │ gzip:   2.15 kB
public/build/assets/checkbox-Bhu2Gfkx.js                        7.19 kB │ gzip:   3.02 kB
public/build/assets/react-CbBNyZLD.js                           7.52 kB │ gzip:   2.87 kB
public/build/assets/ContactInfo-UcicZSZ1.js                     7.66 kB │ gzip:   3.06 kB
public/build/assets/affiliate-analytics-COxHdN5w.js             7.82 kB │ gzip:   2.88 kB
public/build/assets/create-BPEEBhbr.js                          8.09 kB │ gzip:   3.26 kB
public/build/assets/register-CiEuTJ5W.js                        8.29 kB │ gzip:   3.28 kB
public/build/assets/affiliate-audit-DkcNRnVj.js                 8.43 kB │ gzip:   2.44 kB
public/build/assets/audit-log-DtUyOcTZ.js                       8.46 kB │ gzip:   3.10 kB
public/build/assets/ConsentSubmit-M5OBOnYU.js                   8.80 kB │ gzip:   3.53 kB
public/build/assets/dashboard-zCrx9Jc9.js                       9.36 kB │ gzip:   3.61 kB
public/build/assets/portal-BuSvKPcO.js                          9.45 kB │ gzip:   3.38 kB
public/build/assets/clinic-CNfrLDV5.js                          9.47 kB │ gzip:   1.67 kB
public/build/assets/portal-DJThKu12.js                          9.69 kB │ gzip:   2.88 kB
public/build/assets/webhooks-DqE9Xcog.js                        9.86 kB │ gzip:   3.12 kB
public/build/assets/affiliate-fraud-queue-D1FseBJL.js          10.15 kB │ gzip:   2.80 kB
public/build/assets/PhotoCapture-Ik_nmwyI.js                   10.25 kB │ gzip:   4.14 kB
public/build/assets/terms-BlZnZ9gt.js                          10.29 kB │ gzip:   3.63 kB
public/build/assets/QuizStep-G8XvDPdB.js                       10.50 kB │ gzip:   3.64 kB
public/build/assets/billing-XqqgcZCa.js                        10.51 kB │ gzip:   3.87 kB
public/build/assets/stateDiagram-AJRCARHV-Ow0VNuq_.js          10.52 kB │ gzip:   3.67 kB
public/build/assets/diagram-KO2AKTUF-DvI27ErA.js               10.62 kB │ gzip:   4.08 kB
public/build/assets/dagre-BM42HDAG-CgLU8dYM.js                 11.24 kB │ gzip:   4.17 kB
public/build/assets/team-C4PhtyJ9.js                           11.48 kB │ gzip:   4.23 kB
public/build/assets/dialog-BqgsD4e4.js                         12.20 kB │ gzip:   4.14 kB
public/build/assets/privacy-DAMwbHcq.js                        12.83 kB │ gzip:   4.37 kB
public/build/assets/affiliate-partners-D6DxP6r1.js             13.25 kB │ gzip:   4.67 kB
public/build/assets/affiliate-campaigns-CrPo7lZv.js            13.59 kB │ gzip:   4.12 kB
public/build/assets/program-DkmXuzHI.js                        14.29 kB │ gzip:   4.62 kB
public/build/assets/evaluations-B8kUKIt9.js                    14.57 kB │ gzip:   4.87 kB
public/build/assets/dashboard-Of1I5m9M.js                      14.92 kB │ gzip:   4.54 kB
public/build/assets/use-two-factor-auth-B2j69mmp.js            15.28 kB │ gzip:   5.81 kB
public/build/assets/diagram-OG6HWLK6-D-Y63tvZ.js               15.52 kB │ gzip:   5.42 kB
public/build/assets/analytics-BI051lPO.js                      17.23 kB │ gzip:   5.54 kB
public/build/assets/ishikawaDiagram-YF4QCWOH-BKlV0KaC.js       17.30 kB │ gzip:   6.51 kB
public/build/assets/wizard-DNKKMPrN.js                         18.21 kB │ gzip:   6.17 kB
public/build/assets/security-D_K3xeMI.js                       19.19 kB │ gzip:   6.67 kB
public/build/assets/app-D6sbElf-.js                            20.16 kB │ gzip:   6.17 kB
public/build/assets/kanban-definition-UN3LZRKU-L51Uyasx.js     20.22 kB │ gzip:   7.13 kB
public/build/assets/show-CO0QKaCS.js                           20.64 kB │ gzip:   6.81 kB
public/build/assets/welcome-D5ahL8nE.js                        22.62 kB │ gzip:   6.76 kB
public/build/assets/sankeyDiagram-5OEKKPKP-IQepDmCR.js         22.78 kB │ gzip:   8.24 kB
public/build/assets/integrations-DAr1J5T-.js                   22.99 kB │ gzip:   6.58 kB
public/build/assets/journeyDiagram-JHISSGLW-D2BG17_G.js        23.16 kB │ gzip:   8.15 kB
public/build/assets/mindmap-definition-RKZ34NQL-CBzpcAt9.js    23.41 kB │ gzip:   7.97 kB
public/build/assets/graphlib-BxUYJfJ9.js                       23.90 kB │ gzip:   8.31 kB
public/build/assets/chunk-5ZQYHXKU-Cewdik9h.js                 24.27 kB │ gzip:   6.54 kB
public/build/assets/wardleyDiagram-YWT4CUSO-B4rcRAM2.js        25.18 kB │ gzip:   6.53 kB
public/build/assets/es2015-IleGZ_Nc.js                         25.52 kB │ gzip:   8.17 kB
public/build/assets/show-CRlk3Kgo.js                           26.29 kB │ gzip:   8.93 kB
public/build/assets/select-ByHYadoa.js                         26.37 kB │ gzip:   9.02 kB
public/build/assets/erDiagram-TEJ5UH35-DTxvOT-3.js             26.81 kB │ gzip:   9.33 kB
public/build/assets/utils-XdZX1Dxd.js                          26.91 kB │ gzip:   8.66 kB
public/build/assets/rough.esm-C_7hXcvI.js                      27.10 kB │ gzip:   8.85 kB
public/build/assets/settings-D5f_qCil.js                       28.51 kB │ gzip:   9.24 kB
public/build/assets/gitGraphDiagram-PVQCEYII-BzRqVqk3.js       28.97 kB │ gzip:   8.52 kB
public/build/assets/timeline-definition-PNZ67QCA-RgU8yNZd.js   30.39 kB │ gzip:   9.92 kB
public/build/assets/requirementDiagram-4Y6WPE33-Chd22i_U.js    30.96 kB │ gzip:   9.74 kB
public/build/assets/mermaid.core-Dknwv-HK.js                   33.25 kB │ gzip:  11.48 kB
public/build/assets/chunk-KSCS5N6A-ppV6pesM.js                 33.32 kB │ gzip:   7.00 kB
public/build/assets/quadrantDiagram-W4KKPZXB-CY1XWw_3.js       33.51 kB │ gzip:   9.73 kB
public/build/assets/show-eDZBVszR.js                           35.72 kB │ gzip:  10.74 kB
public/build/assets/dist-DYtq1tfx.js                           36.15 kB │ gzip:  11.89 kB
public/build/assets/chunk-AQP2D5EJ-CuPPkyHm.js                 36.72 kB │ gzip:  11.86 kB
public/build/assets/dagre-B69QVMxE.js                          36.86 kB │ gzip:  13.23 kB
public/build/assets/xychartDiagram-2RQKCTM6-C-JHL38r.js        40.04 kB │ gzip:  11.20 kB
public/build/assets/vennDiagram-CIIHVFJN-S8JEFlqV.js           40.62 kB │ gzip:  14.89 kB
public/build/assets/chunk-XPW4576I-FQ9pU0bL.js                 41.85 kB │ gzip:  14.22 kB
public/build/assets/src-D267lETS.js                            45.80 kB │ gzip:  16.05 kB
public/build/assets/chunk-727SXJPM-B6dLEpux.js                 48.57 kB │ gzip:  15.68 kB
public/build/assets/chunk-O5CBEL6O-BzW91vHS.js                 52.52 kB │ gzip:  17.13 kB
public/build/assets/flowDiagram-I6XJVG4X-CIryHOUx.js           60.22 kB │ gzip:  19.51 kB
public/build/assets/c4Diagram-AAUBKEIU-BXz2N96D.js             69.17 kB │ gzip:  19.33 kB
public/build/assets/ganttDiagram-6RSMTGT7-CjwhGi6U.js          69.25 kB │ gzip:  22.71 kB
public/build/assets/blockDiagram-GPEHLZMM-BDtV1dlF.js          72.70 kB │ gzip:  20.55 kB
public/build/assets/cose-bilkent-S5V4N54A-QcjwbUa9.js          81.39 kB │ gzip:  21.56 kB
public/build/assets/chunk-3OPIFGDE-cZLlb1yb.js                 98.84 kB │ gzip:  23.82 kB
public/build/assets/dist-CrEw8f1z.js                          115.04 kB │ gzip:  36.67 kB
public/build/assets/sequenceDiagram-3UESZ5HK-DT25ObcI.js      115.73 kB │ gzip:  30.60 kB
public/build/assets/architectureDiagram-3BPJPVTR-B3XnjOyM.js  146.92 kB │ gzip:  40.30 kB
public/build/assets/show-BC0qg8ud.js                          161.25 kB │ gzip:  48.93 kB
public/build/assets/client-CjHSGx0d.js                        182.36 kB │ gzip:  57.32 kB
public/build/assets/app-layout-CXlVaa3M.js                    194.14 kB │ gzip:  54.60 kB
public/build/assets/chunk-CSCIHK7Q-DOCjHYZL.js                228.46 kB │ gzip:  36.49 kB
public/build/assets/katex-eQVPGC7t.js                         258.88 kB │ gzip:  77.46 kB
public/build/assets/cytoscape.esm-Dd9BCguL.js                 435.40 kB │ gzip: 137.92 kB
public/build/assets/chunk-NNHCCRGN-Cz_AWoSX.js                593.59 kB │ gzip: 137.71 kB

[plugin builtin:vite-reporter] 
(!) Some chunks are larger than 500 kB after minification. Consider:
- Using dynamic import() to code-split the application
- Use build.rolldownOptions.output.codeSplitting to improve chunking: https://rolldown.rs/reference/OutputOptions.codeSplitting
- Adjust chunk size limit for this warning via build.chunkSizeWarningLimit.
[33m[PLUGIN_TIMINGS] Warning:[0m Your build spent significant time in plugins. Here is a breakdown:
  - @inertiajs/vite (92%)
  - vite:react-babel (5%)
See https://rolldown.rs/options/checks#plugintimings for more details.

✓ built in 9.57s
